// Jest Snapshot v1, https://goo.gl/fbAQLP

exports[`footer text snapshot 1`] = `
<footer
  className="footer"
>
  <div
    className="footerCollumns"
  >
    <div
      className="footerCollumn"
    >
      <b>
        <h3>
          Help
        </h3>
      </b>
      <label>
        Returns
      </label>
      <label>
        Change
      </label>
      <label>
        FAQ
      </label>
    </div>
    <div
      className="footerCollumn"
    >
      <b>
        <h3>
          Payment and shipment
        </h3>
      </b>
      <label>
        Payment forms
      </label>
      <label>
        Shipment forms
      </label>
    </div>
    <div
      className="newsletter"
    >
      <b>
        <h3>
          Sign in for our Newsletter
        </h3>
      </b>
      <label
        style={
          Object {
            "textAlign": "start",
          }
        }
      >
        Sign in if you want to be informed about sales and new collections.
      </label>
      <form
        className="newsletterForm"
        onSubmit={[Function]}
      >
        <input
          className="newsletterInput"
          onChange={[Function]}
          placeholder="Your email..."
          required={true}
          type="email"
          value=""
        />
        <button
          className="newsletterButton"
          type="submit"
        >
          Sign in
        </button>
      </form>
    </div>
  </div>
  <div
    className="socialMedias"
  >
    <h3>
      Join us!
    </h3>
    <div>
      <a
        href="https://www.facebook.com/"
        target="_blanc"
      >
        <i
          className="icon-facebook-official"
        />
      </a>
      <a
        href="https://www.youtube.com/"
        target="_blanc"
      >
        <i
          className="icon-youtube"
        />
      </a>
      <a
        href="https://twitter.com/?lang=pl"
        target="_blanc"
      >
        <i
          className="icon-twitter"
        />
      </a>
      <a
        href="https://www.google.com/"
        target="_blanc"
      >
        <i
          className="icon-gplus"
        />
      </a>
    </div>
  </div>
  <b>
    Copyrigth Â© Kacper Kluska 2021. JavaScript course
  </b>
</footer>
`;
