// Jest Snapshot v1, https://goo.gl/fbAQLP

exports[`SectionLogo snapshot 1`] = `
<header
  className="sectionLogo"
>
  Test logo!
</header>
`;
